// Jest Snapshot v1, https://goo.gl/fbAQLP

exports[`should render dashboard page 1`] = `
<div>
  <h1>
    Homepage
  </h1>
  <[object Object] />
  <[object Object] />
  <[object Object] />
</div>
`;
